[     469ms] [ERROR] Failed to load resource: the server responded with a status of 404 () @ https://pharmaguide-website.vercel.app/icon-192.png:0
[     469ms] [ERROR] Failed to load resource: the server responded with a status of 404 () @ https://pharmaguide-website.vercel.app/favicon.ico:0
[     470ms] [WARNING] Error while trying to use the following icon from the Manifest: https://pharmaguide-website.vercel.app/icon-192.png (Download error or resource isn't a valid image) @ https://pharmaguide-website.vercel.app/:0
[    1059ms] [ERROR] Failed to load resource: the server responded with a status of 404 () @ https://pharmaguide-website.vercel.app/blog?_rsc=5CB68i4pnAekjehf:0
[    1060ms] [ERROR] Failed to load resource: the server responded with a status of 404 () @ https://pharmaguide-website.vercel.app/how-it-works?_rsc=5CB68i4pnAekjehf:0
[    1060ms] [ERROR] Failed to load resource: the server responded with a status of 404 () @ https://pharmaguide-website.vercel.app/about?_rsc=5CB68i4pnAekjehf:0
[    1060ms] [ERROR] Failed to load resource: the server responded with a status of 404 () @ https://pharmaguide-website.vercel.app/methodology?_rsc=5CB68i4pnAekjehf:0
[  177688ms] [ERROR] Failed to load resource: the server responded with a status of 404 () @ https://pharmaguide-website.vercel.app/about?_rsc=5CB68i4pnAekjehf:0
[  177696ms] [ERROR] Failed to load resource: the server responded with a status of 404 () @ https://pharmaguide-website.vercel.app/features?_rsc=5CB68i4pnAekjehf:0
[  177702ms] [ERROR] Failed to load resource: the server responded with a status of 404 () @ https://pharmaguide-website.vercel.app/privacy?_rsc=5CB68i4pnAekjehf:0
[  177954ms] [ERROR] Failed to load resource: the server responded with a status of 404 () @ https://pharmaguide-website.vercel.app/accessibility?_rsc=5CB68i4pnAekjehf:0
[  177956ms] [ERROR] Failed to load resource: the server responded with a status of 404 () @ https://pharmaguide-website.vercel.app/hipaa?_rsc=5CB68i4pnAekjehf:0
[  177963ms] [ERROR] Failed to load resource: the server responded with a status of 404 () @ https://pharmaguide-website.vercel.app/sitemap.xml?_rsc=5CB68i4pnAekjehf:0
[  177971ms] [ERROR] Failed to load resource: the server responded with a status of 404 () @ https://pharmaguide-website.vercel.app/terms?_rsc=5CB68i4pnAekjehf:0
[  177979ms] [ERROR] Failed to load resource: the server responded with a status of 404 () @ https://pharmaguide-website.vercel.app/press?_rsc=5CB68i4pnAekjehf:0
[  177979ms] [ERROR] Failed to load resource: the server responded with a status of 404 () @ https://pharmaguide-website.vercel.app/careers?_rsc=5CB68i4pnAekjehf:0
[  177979ms] [ERROR] Failed to load resource: the server responded with a status of 404 () @ https://pharmaguide-website.vercel.app/blog?_rsc=5CB68i4pnAekjehf:0
[  177984ms] [ERROR] Failed to load resource: the server responded with a status of 404 () @ https://pharmaguide-website.vercel.app/faq?_rsc=5CB68i4pnAekjehf:0
[  177992ms] [ERROR] Failed to load resource: the server responded with a status of 404 () @ https://pharmaguide-website.vercel.app/how-it-works?_rsc=5CB68i4pnAekjehf:0
[  178001ms] [ERROR] Failed to load resource: the server responded with a status of 404 () @ https://pharmaguide-website.vercel.app/methodology?_rsc=5CB68i4pnAekjehf:0
[  233575ms] [ERROR] Failed to load resource: the server responded with a status of 404 () @ https://pharmaguide-website.vercel.app/blog?_rsc=5CB68i4pnAekjehf:0
[  233579ms] [ERROR] Failed to load resource: the server responded with a status of 404 () @ https://pharmaguide-website.vercel.app/privacy?_rsc=5CB68i4pnAekjehf:0
[  233580ms] [ERROR] Failed to load resource: the server responded with a status of 404 () @ https://pharmaguide-website.vercel.app/press?_rsc=5CB68i4pnAekjehf:0
[  233580ms] [ERROR] Failed to load resource: the server responded with a status of 404 () @ https://pharmaguide-website.vercel.app/careers?_rsc=5CB68i4pnAekjehf:0
[  233587ms] [ERROR] Failed to load resource: the server responded with a status of 404 () @ https://pharmaguide-website.vercel.app/about?_rsc=5CB68i4pnAekjehf:0
[  233591ms] [ERROR] Failed to load resource: the server responded with a status of 404 () @ https://pharmaguide-website.vercel.app/faq?_rsc=5CB68i4pnAekjehf:0
[  233593ms] [ERROR] Failed to load resource: the server responded with a status of 404 () @ https://pharmaguide-website.vercel.app/methodology?_rsc=5CB68i4pnAekjehf:0
[  233598ms] [ERROR] Failed to load resource: the server responded with a status of 404 () @ https://pharmaguide-website.vercel.app/features?_rsc=5CB68i4pnAekjehf:0
[  233600ms] [ERROR] Failed to load resource: the server responded with a status of 404 () @ https://pharmaguide-website.vercel.app/how-it-works?_rsc=5CB68i4pnAekjehf:0
[  233759ms] [ERROR] Failed to load resource: the server responded with a status of 404 () @ https://pharmaguide-website.vercel.app/hipaa?_rsc=5CB68i4pnAekjehf:0
[  233760ms] [ERROR] Failed to load resource: the server responded with a status of 404 () @ https://pharmaguide-website.vercel.app/accessibility?_rsc=5CB68i4pnAekjehf:0
[  233766ms] [ERROR] Failed to load resource: the server responded with a status of 404 () @ https://pharmaguide-website.vercel.app/terms?_rsc=5CB68i4pnAekjehf:0
[  234047ms] [ERROR] Failed to load resource: the server responded with a status of 404 () @ https://pharmaguide-website.vercel.app/sitemap.xml?_rsc=5CB68i4pnAekjehf:0
[  274061ms] [ERROR] Failed to load resource: the server responded with a status of 404 () @ https://pharmaguide-website.vercel.app/terms?_rsc=5CB68i4pnAekjehf:0
[  274065ms] [ERROR] Failed to load resource: the server responded with a status of 404 () @ https://pharmaguide-website.vercel.app/privacy?_rsc=5CB68i4pnAekjehf:0
[  274076ms] [ERROR] Failed to load resource: the server responded with a status of 404 () @ https://pharmaguide-website.vercel.app/hipaa?_rsc=5CB68i4pnAekjehf:0
[  274077ms] [ERROR] Failed to load resource: the server responded with a status of 404 () @ https://pharmaguide-website.vercel.app/accessibility?_rsc=5CB68i4pnAekjehf:0
[  274078ms] [ERROR] Failed to load resource: the server responded with a status of 404 () @ https://pharmaguide-website.vercel.app/careers?_rsc=5CB68i4pnAekjehf:0
[  274084ms] [ERROR] Failed to load resource: the server responded with a status of 404 () @ https://pharmaguide-website.vercel.app/press?_rsc=5CB68i4pnAekjehf:0
[  274087ms] [ERROR] Failed to load resource: the server responded with a status of 404 () @ https://pharmaguide-website.vercel.app/about?_rsc=5CB68i4pnAekjehf:0
[  274091ms] [ERROR] Failed to load resource: the server responded with a status of 404 () @ https://pharmaguide-website.vercel.app/blog?_rsc=5CB68i4pnAekjehf:0
[  274101ms] [ERROR] Failed to load resource: the server responded with a status of 404 () @ https://pharmaguide-website.vercel.app/faq?_rsc=5CB68i4pnAekjehf:0
[  274102ms] [ERROR] Failed to load resource: the server responded with a status of 404 () @ https://pharmaguide-website.vercel.app/methodology?_rsc=5CB68i4pnAekjehf:0
[  274103ms] [ERROR] Failed to load resource: the server responded with a status of 404 () @ https://pharmaguide-website.vercel.app/how-it-works?_rsc=5CB68i4pnAekjehf:0
[  274103ms] [ERROR] Failed to load resource: the server responded with a status of 404 () @ https://pharmaguide-website.vercel.app/features?_rsc=5CB68i4pnAekjehf:0
[  308739ms] [ERROR] Failed to load resource: the server responded with a status of 404 () @ https://pharmaguide-website.vercel.app/sitemap.xml?_rsc=5CB68i4pnAekjehf:0
[  310621ms] [ERROR] Failed to load resource: the server responded with a status of 404 () @ https://pharmaguide-website.vercel.app/features?_rsc=5CB68i4pnAekjehf:0
