[     664ms] [ERROR] Failed to load resource: the server responded with a status of 404 () @ https://pharmaguide-website.vercel.app/about?_rsc=5CB68i4pnAekjehf:0
[     665ms] [ERROR] Failed to load resource: the server responded with a status of 404 () @ https://pharmaguide-website.vercel.app/methodology?_rsc=5CB68i4pnAekjehf:0
[     665ms] [ERROR] Failed to load resource: the server responded with a status of 404 () @ https://pharmaguide-website.vercel.app/how-it-works?_rsc=5CB68i4pnAekjehf:0
[     665ms] [ERROR] Failed to load resource: the server responded with a status of 404 () @ https://pharmaguide-website.vercel.app/blog?_rsc=5CB68i4pnAekjehf:0
[   31880ms] [ERROR] Failed to load resource: the server responded with a status of 404 () @ https://pharmaguide-website.vercel.app/accessibility?_rsc=5CB68i4pnAekjehf:0
[   31881ms] [ERROR] Failed to load resource: the server responded with a status of 404 () @ https://pharmaguide-website.vercel.app/terms?_rsc=5CB68i4pnAekjehf:0
[   31881ms] [ERROR] Failed to load resource: the server responded with a status of 404 () @ https://pharmaguide-website.vercel.app/privacy?_rsc=5CB68i4pnAekjehf:0
[   31881ms] [ERROR] Failed to load resource: the server responded with a status of 404 () @ https://pharmaguide-website.vercel.app/hipaa?_rsc=5CB68i4pnAekjehf:0
[   31904ms] [ERROR] Failed to load resource: the server responded with a status of 404 () @ https://pharmaguide-website.vercel.app/press?_rsc=5CB68i4pnAekjehf:0
[   31905ms] [ERROR] Failed to load resource: the server responded with a status of 404 () @ https://pharmaguide-website.vercel.app/about?_rsc=5CB68i4pnAekjehf:0
[   31907ms] [ERROR] Failed to load resource: the server responded with a status of 404 () @ https://pharmaguide-website.vercel.app/careers?_rsc=5CB68i4pnAekjehf:0
[   31907ms] [ERROR] Failed to load resource: the server responded with a status of 404 () @ https://pharmaguide-website.vercel.app/blog?_rsc=5CB68i4pnAekjehf:0
[   31919ms] [ERROR] Failed to load resource: the server responded with a status of 404 () @ https://pharmaguide-website.vercel.app/methodology?_rsc=5CB68i4pnAekjehf:0
[   31930ms] [ERROR] Failed to load resource: the server responded with a status of 404 () @ https://pharmaguide-website.vercel.app/how-it-works?_rsc=5CB68i4pnAekjehf:0
[   31931ms] [ERROR] Failed to load resource: the server responded with a status of 404 () @ https://pharmaguide-website.vercel.app/features?_rsc=5CB68i4pnAekjehf:0
[   55696ms] [ERROR] Failed to load resource: the server responded with a status of 404 () @ https://pharmaguide-website.vercel.app/blog?_rsc=5CB68i4pnAekjehf:0
[   55750ms] [ERROR] Failed to load resource: the server responded with a status of 404 () @ https://pharmaguide-website.vercel.app/terms?_rsc=5CB68i4pnAekjehf:0
[  102054ms] [ERROR] Failed to load resource: the server responded with a status of 404 () @ https://pharmaguide-website.vercel.app/privacy?_rsc=5CB68i4pnAekjehf:0
[  102055ms] [ERROR] Failed to load resource: the server responded with a status of 404 () @ https://pharmaguide-website.vercel.app/features?_rsc=5CB68i4pnAekjehf:0
[  102072ms] [ERROR] Failed to load resource: the server responded with a status of 404 () @ https://pharmaguide-website.vercel.app/about?_rsc=5CB68i4pnAekjehf:0
[  102113ms] [ERROR] Failed to load resource: the server responded with a status of 404 () @ https://pharmaguide-website.vercel.app/terms?_rsc=5CB68i4pnAekjehf:0
[  102119ms] [ERROR] Failed to load resource: the server responded with a status of 404 () @ https://pharmaguide-website.vercel.app/blog?_rsc=5CB68i4pnAekjehf:0
[  102123ms] [ERROR] Failed to load resource: the server responded with a status of 404 () @ https://pharmaguide-website.vercel.app/how-it-works?_rsc=5CB68i4pnAekjehf:0
[  102308ms] [ERROR] Failed to load resource: the server responded with a status of 404 () @ https://pharmaguide-website.vercel.app/careers?_rsc=5CB68i4pnAekjehf:0
[  102315ms] [ERROR] Failed to load resource: the server responded with a status of 404 () @ https://pharmaguide-website.vercel.app/hipaa?_rsc=5CB68i4pnAekjehf:0
[  102319ms] [ERROR] Failed to load resource: the server responded with a status of 404 () @ https://pharmaguide-website.vercel.app/methodology?_rsc=5CB68i4pnAekjehf:0
[  102373ms] [ERROR] Failed to load resource: the server responded with a status of 404 () @ https://pharmaguide-website.vercel.app/press?_rsc=5CB68i4pnAekjehf:0
[  102379ms] [ERROR] Failed to load resource: the server responded with a status of 404 () @ https://pharmaguide-website.vercel.app/accessibility?_rsc=5CB68i4pnAekjehf:0
[  102898ms] [ERROR] Failed to load resource: the server responded with a status of 404 () @ https://pharmaguide-website.vercel.app/sitemap.xml?_rsc=5CB68i4pnAekjehf:0
[  112154ms] [ERROR] Failed to load resource: the server responded with a status of 404 () @ https://pharmaguide-website.vercel.app/about?_rsc=5CB68i4pnAekjehf:0
[  112361ms] [ERROR] Failed to load resource: the server responded with a status of 404 () @ https://pharmaguide-website.vercel.app/blog?_rsc=5CB68i4pnAekjehf:0
[  112380ms] [ERROR] Failed to load resource: the server responded with a status of 404 () @ https://pharmaguide-website.vercel.app/careers?_rsc=5CB68i4pnAekjehf:0
[  112592ms] [ERROR] Failed to load resource: the server responded with a status of 404 () @ https://pharmaguide-website.vercel.app/press?_rsc=5CB68i4pnAekjehf:0
[  113705ms] [ERROR] Failed to load resource: the server responded with a status of 404 () @ https://pharmaguide-website.vercel.app/hipaa?_rsc=5CB68i4pnAekjehf:0
[  113841ms] [ERROR] Failed to load resource: the server responded with a status of 404 () @ https://pharmaguide-website.vercel.app/accessibility?_rsc=5CB68i4pnAekjehf:0
